| Web.config:0:0:0:0 | Web.config | Configuration file is using a potentilly dangerous (default) `CustomElement` mode. |
